[2019-09-08T13:51:17.903+0600][gc,heap] Heap region size: 1M
[2019-09-08T13:51:17.912+0600][gc     ] Using G1
[2019-09-08T13:51:17.912+0600][gc,heap,coops] Heap address: 0x00000007c0000000, size: 1024 MB, Compressed Oops mode: Zero based, Oop shift amount: 3
[2019-09-08T13:51:17.912+0600][gc,cds       ] Mark closed archive regions in map: [0x00000007fff00000, 0x00000007fff6eff8]
[2019-09-08T13:51:17.912+0600][gc,cds       ] Mark open archive regions in map: [0x00000007ffe00000, 0x00000007ffe45ff8]
[2019-09-08T13:51:17.928+0600][gc           ] Periodic GC disabled
[2019-09-08T13:51:19.685+0600][gc,start     ] GC(0) Pause Young (Normal) (G1 Evacuation Pause)
[2019-09-08T13:51:19.686+0600][gc,task      ] GC(0) Using 8 workers of 8 for evacuation
[2019-09-08T13:51:19.695+0600][gc,phases    ] GC(0)   Pre Evacuate Collection Set: 0.0ms
[2019-09-08T13:51:19.695+0600][gc,phases    ] GC(0)   Evacuate Collection Set: 8.7ms
[2019-09-08T13:51:19.695+0600][gc,phases    ] GC(0)   Post Evacuate Collection Set: 0.3ms
[2019-09-08T13:51:19.696+0600][gc,phases    ] GC(0)   Other: 1.7ms
[2019-09-08T13:51:19.696+0600][gc,heap      ] GC(0) Eden regions: 51->0(45)
[2019-09-08T13:51:19.696+0600][gc,heap      ] GC(0) Survivor regions: 0->6(7)
[2019-09-08T13:51:19.696+0600][gc,heap      ] GC(0) Old regions: 0->0
[2019-09-08T13:51:19.696+0600][gc,heap      ] GC(0) Archive regions: 2->2
[2019-09-08T13:51:19.696+0600][gc,heap      ] GC(0) Humongous regions: 0->0
[2019-09-08T13:51:19.696+0600][gc,metaspace ] GC(0) Metaspace: 16937K->16937K(1064960K)
[2019-09-08T13:51:19.696+0600][gc           ] GC(0) Pause Young (Normal) (G1 Evacuation Pause) 51M->6M(1024M) 10.989ms
[2019-09-08T13:51:19.696+0600][gc,cpu       ] GC(0) User=0.03s Sys=0.01s Real=0.01s
[2019-09-08T13:51:20.089+0600][gc,start     ] GC(1) Pause Young (Concurrent Start) (Metadata GC Threshold)
[2019-09-08T13:51:20.089+0600][gc,task      ] GC(1) Using 8 workers of 8 for evacuation
[2019-09-08T13:51:20.097+0600][gc,phases    ] GC(1)   Pre Evacuate Collection Set: 0.0ms
[2019-09-08T13:51:20.097+0600][gc,phases    ] GC(1)   Evacuate Collection Set: 7.3ms
[2019-09-08T13:51:20.097+0600][gc,phases    ] GC(1)   Post Evacuate Collection Set: 0.3ms
[2019-09-08T13:51:20.097+0600][gc,phases    ] GC(1)   Other: 0.3ms
[2019-09-08T13:51:20.097+0600][gc,heap      ] GC(1) Eden regions: 16->0(49)
[2019-09-08T13:51:20.097+0600][gc,heap      ] GC(1) Survivor regions: 6->2(7)
[2019-09-08T13:51:20.097+0600][gc,heap      ] GC(1) Old regions: 0->6
[2019-09-08T13:51:20.097+0600][gc,heap      ] GC(1) Archive regions: 2->2
[2019-09-08T13:51:20.097+0600][gc,heap      ] GC(1) Humongous regions: 129->129
[2019-09-08T13:51:20.097+0600][gc,metaspace ] GC(1) Metaspace: 20596K->20596K(1067008K)
[2019-09-08T13:51:20.097+0600][gc           ] GC(1) Pause Young (Concurrent Start) (Metadata GC Threshold) 151M->137M(1024M) 8.043ms
[2019-09-08T13:51:20.097+0600][gc,cpu       ] GC(1) User=0.03s Sys=0.01s Real=0.01s
[2019-09-08T13:51:20.097+0600][gc           ] GC(2) Concurrent Cycle
[2019-09-08T13:51:20.097+0600][gc,marking   ] GC(2) Concurrent Clear Claimed Marks
[2019-09-08T13:51:20.097+0600][gc,marking   ] GC(2) Concurrent Clear Claimed Marks 0.025ms
[2019-09-08T13:51:20.097+0600][gc,marking   ] GC(2) Concurrent Scan Root Regions
[2019-09-08T13:51:20.100+0600][gc,marking   ] GC(2) Concurrent Scan Root Regions 2.423ms
[2019-09-08T13:51:20.100+0600][gc,marking   ] GC(2) Concurrent Mark (2.205s)
[2019-09-08T13:51:20.100+0600][gc,marking   ] GC(2) Concurrent Mark From Roots
[2019-09-08T13:51:20.100+0600][gc,task      ] GC(2) Using 2 workers of 2 for marking
[2019-09-08T13:51:20.101+0600][gc,marking   ] GC(2) Concurrent Mark From Roots 1.245ms
[2019-09-08T13:51:20.101+0600][gc,marking   ] GC(2) Concurrent Preclean
[2019-09-08T13:51:20.101+0600][gc,marking   ] GC(2) Concurrent Preclean 0.033ms
[2019-09-08T13:51:20.101+0600][gc,marking   ] GC(2) Concurrent Mark (2.205s, 2.206s) 1.359ms
[2019-09-08T13:51:20.101+0600][gc,start     ] GC(2) Pause Remark
[2019-09-08T13:51:20.102+0600][gc,stringtable] GC(2) Cleaned string table, strings: 4833 processed, 0 removed
[2019-09-08T13:51:20.102+0600][gc            ] GC(2) Pause Remark 137M->137M(1024M) 0.972ms
[2019-09-08T13:51:20.102+0600][gc,cpu        ] GC(2) User=0.01s Sys=0.00s Real=0.00s
[2019-09-08T13:51:20.102+0600][gc,marking    ] GC(2) Concurrent Rebuild Remembered Sets
[2019-09-08T13:51:20.104+0600][gc,marking    ] GC(2) Concurrent Rebuild Remembered Sets 2.303ms
[2019-09-08T13:51:20.105+0600][gc,start      ] GC(2) Pause Cleanup
[2019-09-08T13:51:20.105+0600][gc            ] GC(2) Pause Cleanup 137M->137M(1024M) 0.159ms
[2019-09-08T13:51:20.105+0600][gc,cpu        ] GC(2) User=0.00s Sys=0.00s Real=0.00s
[2019-09-08T13:51:20.105+0600][gc,marking    ] GC(2) Concurrent Cleanup for Next Mark
[2019-09-08T13:51:20.111+0600][gc,marking    ] GC(2) Concurrent Cleanup for Next Mark 5.717ms
[2019-09-08T13:51:20.111+0600][gc            ] GC(2) Concurrent Cycle 13.809ms
[2019-09-08T14:02:19.852+0600][gc,start      ] GC(3) Pause Young (Normal) (G1 Evacuation Pause)
[2019-09-08T14:02:19.852+0600][gc,task       ] GC(3) Using 8 workers of 8 for evacuation
[2019-09-08T14:02:19.858+0600][gc,phases     ] GC(3)   Pre Evacuate Collection Set: 0.0ms
[2019-09-08T14:02:19.858+0600][gc,phases     ] GC(3)   Evacuate Collection Set: 5.5ms
[2019-09-08T14:02:19.858+0600][gc,phases     ] GC(3)   Post Evacuate Collection Set: 0.5ms
[2019-09-08T14:02:19.858+0600][gc,phases     ] GC(3)   Other: 0.3ms
[2019-09-08T14:02:19.858+0600][gc,heap       ] GC(3) Eden regions: 49->0(46)
[2019-09-08T14:02:19.858+0600][gc,heap       ] GC(3) Survivor regions: 2->5(7)
[2019-09-08T14:02:19.858+0600][gc,heap       ] GC(3) Old regions: 6->6
[2019-09-08T14:02:19.858+0600][gc,heap       ] GC(3) Archive regions: 2->2
[2019-09-08T14:02:19.858+0600][gc,heap       ] GC(3) Humongous regions: 129->129
[2019-09-08T14:02:19.858+0600][gc,metaspace  ] GC(3) Metaspace: 29178K->29178K(1075200K)
[2019-09-08T14:02:19.858+0600][gc            ] GC(3) Pause Young (Normal) (G1 Evacuation Pause) 186M->140M(1024M) 6.490ms
[2019-09-08T14:02:19.858+0600][gc,cpu        ] GC(3) User=0.04s Sys=0.00s Real=0.00s
[2019-09-08T15:34:04.201+0600][gc,start      ] GC(4) Pause Young (Normal) (G1 Evacuation Pause)
[2019-09-08T15:34:04.202+0600][gc,task       ] GC(4) Using 8 workers of 8 for evacuation
[2019-09-08T15:34:04.208+0600][gc,phases     ] GC(4)   Pre Evacuate Collection Set: 0.0ms
[2019-09-08T15:34:04.208+0600][gc,phases     ] GC(4)   Evacuate Collection Set: 5.5ms
[2019-09-08T15:34:04.208+0600][gc,phases     ] GC(4)   Post Evacuate Collection Set: 0.4ms
[2019-09-08T15:34:04.208+0600][gc,phases     ] GC(4)   Other: 1.2ms
[2019-09-08T15:34:04.208+0600][gc,heap       ] GC(4) Eden regions: 46->0(47)
[2019-09-08T15:34:04.208+0600][gc,heap       ] GC(4) Survivor regions: 5->4(7)
[2019-09-08T15:34:04.208+0600][gc,heap       ] GC(4) Old regions: 6->8
[2019-09-08T15:34:04.208+0600][gc,heap       ] GC(4) Archive regions: 2->2
[2019-09-08T15:34:04.208+0600][gc,heap       ] GC(4) Humongous regions: 129->129
[2019-09-08T15:34:04.208+0600][gc,metaspace  ] GC(4) Metaspace: 29527K->29527K(1075200K)
[2019-09-08T15:34:04.208+0600][gc            ] GC(4) Pause Young (Normal) (G1 Evacuation Pause) 186M->140M(1024M) 7.376ms
[2019-09-08T15:34:04.208+0600][gc,cpu        ] GC(4) User=0.04s Sys=0.01s Real=0.00s
[2019-09-08T17:07:52.585+0600][gc,start      ] GC(5) Pause Young (Normal) (G1 Evacuation Pause)
[2019-09-08T17:07:52.586+0600][gc,task       ] GC(5) Using 8 workers of 8 for evacuation
[2019-09-08T17:07:52.590+0600][gc,phases     ] GC(5)   Pre Evacuate Collection Set: 0.0ms
[2019-09-08T17:07:52.590+0600][gc,phases     ] GC(5)   Evacuate Collection Set: 3.2ms
[2019-09-08T17:07:52.590+0600][gc,phases     ] GC(5)   Post Evacuate Collection Set: 0.5ms
[2019-09-08T17:07:52.590+0600][gc,phases     ] GC(5)   Other: 1.1ms
[2019-09-08T17:07:52.590+0600][gc,heap       ] GC(5) Eden regions: 47->0(47)
[2019-09-08T17:07:52.591+0600][gc,heap       ] GC(5) Survivor regions: 4->4(7)
[2019-09-08T17:07:52.591+0600][gc,heap       ] GC(5) Old regions: 8->8
[2019-09-08T17:07:52.591+0600][gc,heap       ] GC(5) Archive regions: 2->2
[2019-09-08T17:07:52.591+0600][gc,heap       ] GC(5) Humongous regions: 129->129
[2019-09-08T17:07:52.591+0600][gc,metaspace  ] GC(5) Metaspace: 29680K->29680K(1075200K)
[2019-09-08T17:07:52.591+0600][gc            ] GC(5) Pause Young (Normal) (G1 Evacuation Pause) 187M->140M(1024M) 5.114ms
[2019-09-08T17:07:52.591+0600][gc,cpu        ] GC(5) User=0.03s Sys=0.00s Real=0.01s
[2019-09-08T19:28:49.282+0600][gc,start      ] GC(6) Pause Young (Normal) (G1 Evacuation Pause)
[2019-09-08T19:28:49.282+0600][gc,task       ] GC(6) Using 8 workers of 8 for evacuation
[2019-09-08T19:28:49.288+0600][gc,phases     ] GC(6)   Pre Evacuate Collection Set: 0.0ms
[2019-09-08T19:28:49.288+0600][gc,phases     ] GC(6)   Evacuate Collection Set: 4.8ms
[2019-09-08T19:28:49.288+0600][gc,phases     ] GC(6)   Post Evacuate Collection Set: 0.7ms
[2019-09-08T19:28:49.288+0600][gc,phases     ] GC(6)   Other: 0.4ms
[2019-09-08T19:28:49.288+0600][gc,heap       ] GC(6) Eden regions: 47->0(47)
[2019-09-08T19:28:49.288+0600][gc,heap       ] GC(6) Survivor regions: 4->4(7)
[2019-09-08T19:28:49.288+0600][gc,heap       ] GC(6) Old regions: 8->8
[2019-09-08T19:28:49.288+0600][gc,heap       ] GC(6) Archive regions: 2->2
[2019-09-08T19:28:49.288+0600][gc,heap       ] GC(6) Humongous regions: 129->129
[2019-09-08T19:28:49.288+0600][gc,metaspace  ] GC(6) Metaspace: 29783K->29783K(1075200K)
[2019-09-08T19:28:49.288+0600][gc            ] GC(6) Pause Young (Normal) (G1 Evacuation Pause) 187M->140M(1024M) 6.360ms
[2019-09-08T19:28:49.289+0600][gc,cpu        ] GC(6) User=0.03s Sys=0.01s Real=0.00s
[2019-09-08T19:53:03.214+0600][gc,start      ] GC(7) Pause Young (Normal) (G1 Evacuation Pause)
[2019-09-08T19:53:03.214+0600][gc,task       ] GC(7) Using 8 workers of 8 for evacuation
[2019-09-08T19:53:03.218+0600][gc,phases     ] GC(7)   Pre Evacuate Collection Set: 0.0ms
[2019-09-08T19:53:03.218+0600][gc,phases     ] GC(7)   Evacuate Collection Set: 3.4ms
[2019-09-08T19:53:03.218+0600][gc,phases     ] GC(7)   Post Evacuate Collection Set: 0.5ms
[2019-09-08T19:53:03.218+0600][gc,phases     ] GC(7)   Other: 0.2ms
[2019-09-08T19:53:03.218+0600][gc,heap       ] GC(7) Eden regions: 47->0(45)
[2019-09-08T19:53:03.218+0600][gc,heap       ] GC(7) Survivor regions: 4->6(7)
[2019-09-08T19:53:03.218+0600][gc,heap       ] GC(7) Old regions: 8->8
[2019-09-08T19:53:03.218+0600][gc,heap       ] GC(7) Archive regions: 2->2
[2019-09-08T19:53:03.218+0600][gc,heap       ] GC(7) Humongous regions: 129->129
[2019-09-08T19:53:03.218+0600][gc,metaspace  ] GC(7) Metaspace: 33210K->33210K(1079296K)
[2019-09-08T19:53:03.218+0600][gc            ] GC(7) Pause Young (Normal) (G1 Evacuation Pause) 187M->142M(1024M) 4.292ms
[2019-09-08T19:53:03.218+0600][gc,cpu        ] GC(7) User=0.02s Sys=0.00s Real=0.00s
[2019-09-08T19:53:03.277+0600][gc,start      ] GC(8) Pause Young (Concurrent Start) (Metadata GC Threshold)
[2019-09-08T19:53:03.277+0600][gc,task       ] GC(8) Using 8 workers of 8 for evacuation
[2019-09-08T19:53:03.283+0600][gc,phases     ] GC(8)   Pre Evacuate Collection Set: 0.1ms
[2019-09-08T19:53:03.283+0600][gc,phases     ] GC(8)   Evacuate Collection Set: 5.8ms
[2019-09-08T19:53:03.283+0600][gc,phases     ] GC(8)   Post Evacuate Collection Set: 0.5ms
[2019-09-08T19:53:03.283+0600][gc,phases     ] GC(8)   Other: 0.2ms
[2019-09-08T19:53:03.283+0600][gc,heap       ] GC(8) Eden regions: 3->0(48)
[2019-09-08T19:53:03.283+0600][gc,heap       ] GC(8) Survivor regions: 6->3(7)
[2019-09-08T19:53:03.283+0600][gc,heap       ] GC(8) Old regions: 8->11
[2019-09-08T19:53:03.283+0600][gc,heap       ] GC(8) Archive regions: 2->2
[2019-09-08T19:53:03.283+0600][gc,heap       ] GC(8) Humongous regions: 129->129
[2019-09-08T19:53:03.283+0600][gc,metaspace  ] GC(8) Metaspace: 33831K->33831K(1079296K)
[2019-09-08T19:53:03.283+0600][gc            ] GC(8) Pause Young (Concurrent Start) (Metadata GC Threshold) 144M->142M(1024M) 6.835ms
[2019-09-08T19:53:03.284+0600][gc,cpu        ] GC(8) User=0.04s Sys=0.01s Real=0.01s
[2019-09-08T19:53:03.284+0600][gc            ] GC(9) Concurrent Cycle
[2019-09-08T19:53:03.284+0600][gc,marking    ] GC(9) Concurrent Clear Claimed Marks
[2019-09-08T19:53:03.284+0600][gc,marking    ] GC(9) Concurrent Clear Claimed Marks 0.111ms
[2019-09-08T19:53:03.284+0600][gc,marking    ] GC(9) Concurrent Scan Root Regions
[2019-09-08T19:53:03.286+0600][gc,marking    ] GC(9) Concurrent Scan Root Regions 2.639ms
[2019-09-08T19:53:03.286+0600][gc,marking    ] GC(9) Concurrent Mark (17250.453s)
[2019-09-08T19:53:03.286+0600][gc,marking    ] GC(9) Concurrent Mark From Roots
[2019-09-08T19:53:03.286+0600][gc,task       ] GC(9) Using 2 workers of 2 for marking
[2019-09-08T19:53:03.292+0600][gc,marking    ] GC(9) Concurrent Mark From Roots 5.277ms
[2019-09-08T19:53:03.292+0600][gc,marking    ] GC(9) Concurrent Preclean
[2019-09-08T19:53:03.292+0600][gc,marking    ] GC(9) Concurrent Preclean 0.147ms
[2019-09-08T19:53:03.292+0600][gc,marking    ] GC(9) Concurrent Mark (17250.453s, 17250.458s) 5.480ms
[2019-09-08T19:53:03.292+0600][gc,start      ] GC(9) Pause Remark
[2019-09-08T19:53:03.297+0600][gc,stringtable] GC(9) Cleaned string table, strings: 10552 processed, 257 removed
[2019-09-08T19:53:03.298+0600][gc            ] GC(9) Pause Remark 143M->143M(1024M) 5.538ms
[2019-09-08T19:53:03.298+0600][gc,cpu        ] GC(9) User=0.03s Sys=0.00s Real=0.00s
[2019-09-08T19:53:03.298+0600][gc,marking    ] GC(9) Concurrent Rebuild Remembered Sets
[2019-09-08T19:53:03.306+0600][gc,marking    ] GC(9) Concurrent Rebuild Remembered Sets 7.897ms
[2019-09-08T19:53:03.306+0600][gc,start      ] GC(9) Pause Cleanup
[2019-09-08T19:53:03.306+0600][gc            ] GC(9) Pause Cleanup 143M->143M(1024M) 0.173ms
[2019-09-08T19:53:03.306+0600][gc,cpu        ] GC(9) User=0.00s Sys=0.00s Real=0.00s
[2019-09-08T19:53:03.306+0600][gc,marking    ] GC(9) Concurrent Cleanup for Next Mark
[2019-09-08T19:53:03.313+0600][gc,marking    ] GC(9) Concurrent Cleanup for Next Mark 7.190ms
[2019-09-08T19:53:03.313+0600][gc            ] GC(9) Concurrent Cycle 29.699ms
[2019-09-08T20:03:49.083+0600][gc,start      ] GC(10) Pause Young (Normal) (G1 Evacuation Pause)
[2019-09-08T20:03:49.083+0600][gc,task       ] GC(10) Using 8 workers of 8 for evacuation
[2019-09-08T20:03:49.092+0600][gc,phases     ] GC(10)   Pre Evacuate Collection Set: 0.0ms
[2019-09-08T20:03:49.092+0600][gc,phases     ] GC(10)   Evacuate Collection Set: 7.3ms
[2019-09-08T20:03:49.092+0600][gc,phases     ] GC(10)   Post Evacuate Collection Set: 1.4ms
[2019-09-08T20:03:49.092+0600][gc,phases     ] GC(10)   Other: 0.4ms
[2019-09-08T20:03:49.092+0600][gc,heap       ] GC(10) Eden regions: 48->0(47)
[2019-09-08T20:03:49.092+0600][gc,heap       ] GC(10) Survivor regions: 3->4(7)
[2019-09-08T20:03:49.092+0600][gc,heap       ] GC(10) Old regions: 11->11
[2019-09-08T20:03:49.092+0600][gc,heap       ] GC(10) Archive regions: 2->2
[2019-09-08T20:03:49.092+0600][gc,heap       ] GC(10) Humongous regions: 129->129
[2019-09-08T20:03:49.092+0600][gc,metaspace  ] GC(10) Metaspace: 35636K->35636K(1081344K)
[2019-09-08T20:03:49.092+0600][gc            ] GC(10) Pause Young (Normal) (G1 Evacuation Pause) 190M->143M(1024M) 9.315ms
[2019-09-08T20:03:49.092+0600][gc,cpu        ] GC(10) User=0.04s Sys=0.00s Real=0.01s
[2019-09-08T20:15:08.134+0600][gc,start      ] GC(11) Pause Young (Normal) (G1 Evacuation Pause)
[2019-09-08T20:15:08.134+0600][gc,task       ] GC(11) Using 8 workers of 8 for evacuation
[2019-09-08T20:15:08.140+0600][gc,phases     ] GC(11)   Pre Evacuate Collection Set: 0.0ms
[2019-09-08T20:15:08.140+0600][gc,phases     ] GC(11)   Evacuate Collection Set: 5.6ms
[2019-09-08T20:15:08.140+0600][gc,phases     ] GC(11)   Post Evacuate Collection Set: 0.6ms
[2019-09-08T20:15:08.140+0600][gc,phases     ] GC(11)   Other: 0.3ms
[2019-09-08T20:15:08.141+0600][gc,heap       ] GC(11) Eden regions: 47->0(51)
[2019-09-08T20:15:08.141+0600][gc,heap       ] GC(11) Survivor regions: 4->5(7)
[2019-09-08T20:15:08.141+0600][gc,heap       ] GC(11) Old regions: 11->11
[2019-09-08T20:15:08.141+0600][gc,heap       ] GC(11) Archive regions: 2->2
[2019-09-08T20:15:08.141+0600][gc,heap       ] GC(11) Humongous regions: 129->129
[2019-09-08T20:15:08.141+0600][gc,metaspace  ] GC(11) Metaspace: 35880K->35880K(1081344K)
[2019-09-08T20:15:08.141+0600][gc            ] GC(11) Pause Young (Normal) (G1 Evacuation Pause) 190M->144M(1024M) 6.757ms
[2019-09-08T20:15:08.141+0600][gc,cpu        ] GC(11) User=0.04s Sys=0.00s Real=0.01s
[2019-09-08T20:28:17.305+0600][gc,start      ] GC(12) Pause Young (Normal) (G1 Evacuation Pause)
[2019-09-08T20:28:17.305+0600][gc,task       ] GC(12) Using 8 workers of 8 for evacuation
[2019-09-08T20:28:17.311+0600][gc,phases     ] GC(12)   Pre Evacuate Collection Set: 0.0ms
[2019-09-08T20:28:17.311+0600][gc,phases     ] GC(12)   Evacuate Collection Set: 5.2ms
[2019-09-08T20:28:17.311+0600][gc,phases     ] GC(12)   Post Evacuate Collection Set: 0.5ms
[2019-09-08T20:28:17.311+0600][gc,phases     ] GC(12)   Other: 0.3ms
[2019-09-08T20:28:17.311+0600][gc,heap       ] GC(12) Eden regions: 51->0(66)
[2019-09-08T20:28:17.311+0600][gc,heap       ] GC(12) Survivor regions: 5->3(7)
[2019-09-08T20:28:17.311+0600][gc,heap       ] GC(12) Old regions: 11->13
[2019-09-08T20:28:17.311+0600][gc,heap       ] GC(12) Archive regions: 2->2
[2019-09-08T20:28:17.311+0600][gc,heap       ] GC(12) Humongous regions: 129->129
[2019-09-08T20:28:17.311+0600][gc,metaspace  ] GC(12) Metaspace: 35939K->35939K(1081344K)
[2019-09-08T20:28:17.311+0600][gc            ] GC(12) Pause Young (Normal) (G1 Evacuation Pause) 195M->144M(1024M) 6.193ms
[2019-09-08T20:28:17.312+0600][gc,cpu        ] GC(12) User=0.04s Sys=0.00s Real=0.01s
[2019-09-08T20:46:25.348+0600][gc,start      ] GC(13) Pause Young (Normal) (G1 Evacuation Pause)
[2019-09-08T20:46:25.348+0600][gc,task       ] GC(13) Using 8 workers of 8 for evacuation
[2019-09-08T20:46:25.353+0600][gc,phases     ] GC(13)   Pre Evacuate Collection Set: 0.0ms
[2019-09-08T20:46:25.353+0600][gc,phases     ] GC(13)   Evacuate Collection Set: 4.9ms
[2019-09-08T20:46:25.353+0600][gc,phases     ] GC(13)   Post Evacuate Collection Set: 0.5ms
[2019-09-08T20:46:25.353+0600][gc,phases     ] GC(13)   Other: 0.3ms
[2019-09-08T20:46:25.353+0600][gc,heap       ] GC(13) Eden regions: 66->0(91)
[2019-09-08T20:46:25.353+0600][gc,heap       ] GC(13) Survivor regions: 3->3(9)
[2019-09-08T20:46:25.353+0600][gc,heap       ] GC(13) Old regions: 13->13
[2019-09-08T20:46:25.353+0600][gc,heap       ] GC(13) Archive regions: 2->2
[2019-09-08T20:46:25.353+0600][gc,heap       ] GC(13) Humongous regions: 129->129
[2019-09-08T20:46:25.353+0600][gc,metaspace  ] GC(13) Metaspace: 35963K->35963K(1081344K)
[2019-09-08T20:46:25.353+0600][gc            ] GC(13) Pause Young (Normal) (G1 Evacuation Pause) 210M->144M(1024M) 5.965ms
[2019-09-08T20:46:25.354+0600][gc,cpu        ] GC(13) User=0.03s Sys=0.00s Real=0.01s
[2019-09-08T21:03:36.743+0600][gc,start      ] GC(14) Pause Young (Normal) (G1 Evacuation Pause)
[2019-09-08T21:03:36.743+0600][gc,task       ] GC(14) Using 8 workers of 8 for evacuation
[2019-09-08T21:03:36.748+0600][gc,phases     ] GC(14)   Pre Evacuate Collection Set: 0.0ms
[2019-09-08T21:03:36.748+0600][gc,phases     ] GC(14)   Evacuate Collection Set: 4.0ms
[2019-09-08T21:03:36.748+0600][gc,phases     ] GC(14)   Post Evacuate Collection Set: 0.4ms
[2019-09-08T21:03:36.748+0600][gc,phases     ] GC(14)   Other: 0.2ms
[2019-09-08T21:03:36.748+0600][gc,heap       ] GC(14) Eden regions: 68->0(82)
[2019-09-08T21:03:36.748+0600][gc,heap       ] GC(14) Survivor regions: 3->4(9)
[2019-09-08T21:03:36.748+0600][gc,heap       ] GC(14) Old regions: 13->13
[2019-09-08T21:03:36.748+0600][gc,heap       ] GC(14) Archive regions: 2->2
[2019-09-08T21:03:36.748+0600][gc,heap       ] GC(14) Humongous regions: 129->129
[2019-09-08T21:03:36.748+0600][gc,metaspace  ] GC(14) Metaspace: 36300K->36300K(1081344K)
[2019-09-08T21:03:36.748+0600][gc            ] GC(14) Pause Young (Normal) (G1 Evacuation Pause) 212M->145M(1024M) 4.900ms
[2019-09-08T21:03:36.748+0600][gc,cpu        ] GC(14) User=0.02s Sys=0.00s Real=0.00s
[2019-09-08T21:03:39.887+0600][gc,heap,exit  ] Heap
[2019-09-08T21:03:39.887+0600][gc,heap,exit  ]  garbage-first heap   total 1048576K, used 153728K [0x00000007c0000000, 0x0000000800000000)
[2019-09-08T21:03:39.887+0600][gc,heap,exit  ]   region size 1024K, 10 young (10240K), 4 survivors (4096K)
[2019-09-08T21:03:39.887+0600][gc,heap,exit  ]  Metaspace       used 36727K, capacity 39221K, committed 39376K, reserved 1083392K
[2019-09-08T21:03:39.887+0600][gc,heap,exit  ]   class space    used 5304K, capacity 6506K, committed 6528K, reserved 1048576K
