[2019-09-13T17:28:14.013+0600][gc,heap] Heap region size: 1M
[2019-09-13T17:28:14.022+0600][gc     ] Using G1
[2019-09-13T17:28:14.022+0600][gc,heap,coops] Heap address: 0x00000007c0000000, size: 1024 MB, Compressed Oops mode: Zero based, Oop shift amount: 3
[2019-09-13T17:28:14.022+0600][gc,cds       ] Mark closed archive regions in map: [0x00000007fff00000, 0x00000007fff6eff8]
[2019-09-13T17:28:14.022+0600][gc,cds       ] Mark open archive regions in map: [0x00000007ffe00000, 0x00000007ffe45ff8]
[2019-09-13T17:28:14.040+0600][gc           ] Periodic GC disabled
[2019-09-13T17:28:22.119+0600][gc,heap,exit ] Heap
[2019-09-13T17:28:22.119+0600][gc,heap,exit ]  garbage-first heap   total 1048576K, used 41684K [0x00000007c0000000, 0x0000000800000000)
[2019-09-13T17:28:22.119+0600][gc,heap,exit ]   region size 1024K, 41 young (41984K), 0 survivors (0K)
[2019-09-13T17:28:22.119+0600][gc,heap,exit ]  Metaspace       used 13846K, capacity 14278K, committed 14464K, reserved 1060864K
[2019-09-13T17:28:22.119+0600][gc,heap,exit ]   class space    used 1926K, capacity 2119K, committed 2176K, reserved 1048576K
