[2019-09-02T15:59:45.420+0600][gc,heap] Heap region size: 1M
[2019-09-02T15:59:45.429+0600][gc     ] Using G1
[2019-09-02T15:59:45.429+0600][gc,heap,coops] Heap address: 0x00000007c0000000, size: 1024 MB, Compressed Oops mode: Zero based, Oop shift amount: 3
[2019-09-02T15:59:45.429+0600][gc,cds       ] Mark closed archive regions in map: [0x00000007fff00000, 0x00000007fff6eff8]
[2019-09-02T15:59:45.430+0600][gc,cds       ] Mark open archive regions in map: [0x00000007ffe00000, 0x00000007ffe45ff8]
[2019-09-02T15:59:45.445+0600][gc           ] Periodic GC disabled
[2019-09-02T15:59:47.162+0600][gc,start     ] GC(0) Pause Young (Normal) (G1 Evacuation Pause)
[2019-09-02T15:59:47.163+0600][gc,task      ] GC(0) Using 8 workers of 8 for evacuation
[2019-09-02T15:59:47.173+0600][gc,phases    ] GC(0)   Pre Evacuate Collection Set: 0.0ms
[2019-09-02T15:59:47.173+0600][gc,phases    ] GC(0)   Evacuate Collection Set: 9.1ms
[2019-09-02T15:59:47.173+0600][gc,phases    ] GC(0)   Post Evacuate Collection Set: 0.3ms
[2019-09-02T15:59:47.173+0600][gc,phases    ] GC(0)   Other: 1.3ms
[2019-09-02T15:59:47.173+0600][gc,heap      ] GC(0) Eden regions: 51->0(44)
[2019-09-02T15:59:47.173+0600][gc,heap      ] GC(0) Survivor regions: 0->7(7)
[2019-09-02T15:59:47.173+0600][gc,heap      ] GC(0) Old regions: 0->0
[2019-09-02T15:59:47.173+0600][gc,heap      ] GC(0) Archive regions: 2->2
[2019-09-02T15:59:47.173+0600][gc,heap      ] GC(0) Humongous regions: 0->0
[2019-09-02T15:59:47.173+0600][gc,metaspace ] GC(0) Metaspace: 16934K->16934K(1064960K)
[2019-09-02T15:59:47.173+0600][gc           ] GC(0) Pause Young (Normal) (G1 Evacuation Pause) 51M->7M(1024M) 10.907ms
[2019-09-02T15:59:47.173+0600][gc,cpu       ] GC(0) User=0.04s Sys=0.01s Real=0.01s
[2019-09-02T15:59:47.568+0600][gc,start     ] GC(1) Pause Young (Concurrent Start) (Metadata GC Threshold)
[2019-09-02T15:59:47.568+0600][gc,task      ] GC(1) Using 8 workers of 8 for evacuation
[2019-09-02T15:59:47.576+0600][gc,phases    ] GC(1)   Pre Evacuate Collection Set: 0.0ms
[2019-09-02T15:59:47.576+0600][gc,phases    ] GC(1)   Evacuate Collection Set: 7.3ms
[2019-09-02T15:59:47.576+0600][gc,phases    ] GC(1)   Post Evacuate Collection Set: 0.4ms
[2019-09-02T15:59:47.576+0600][gc,phases    ] GC(1)   Other: 0.3ms
[2019-09-02T15:59:47.576+0600][gc,heap      ] GC(1) Eden regions: 16->0(49)
[2019-09-02T15:59:47.576+0600][gc,heap      ] GC(1) Survivor regions: 7->2(7)
[2019-09-02T15:59:47.576+0600][gc,heap      ] GC(1) Old regions: 0->6
[2019-09-02T15:59:47.576+0600][gc,heap      ] GC(1) Archive regions: 2->2
[2019-09-02T15:59:47.576+0600][gc,heap      ] GC(1) Humongous regions: 129->129
[2019-09-02T15:59:47.576+0600][gc,metaspace ] GC(1) Metaspace: 20525K->20525K(1067008K)
[2019-09-02T15:59:47.576+0600][gc           ] GC(1) Pause Young (Concurrent Start) (Metadata GC Threshold) 151M->137M(1024M) 8.186ms
[2019-09-02T15:59:47.576+0600][gc,cpu       ] GC(1) User=0.03s Sys=0.01s Real=0.01s
[2019-09-02T15:59:47.576+0600][gc           ] GC(2) Concurrent Cycle
[2019-09-02T15:59:47.576+0600][gc,marking   ] GC(2) Concurrent Clear Claimed Marks
[2019-09-02T15:59:47.576+0600][gc,marking   ] GC(2) Concurrent Clear Claimed Marks 0.022ms
[2019-09-02T15:59:47.576+0600][gc,marking   ] GC(2) Concurrent Scan Root Regions
[2019-09-02T15:59:47.578+0600][gc,marking   ] GC(2) Concurrent Scan Root Regions 2.498ms
[2019-09-02T15:59:47.579+0600][gc,marking   ] GC(2) Concurrent Mark (2.166s)
[2019-09-02T15:59:47.579+0600][gc,marking   ] GC(2) Concurrent Mark From Roots
[2019-09-02T15:59:47.579+0600][gc,task      ] GC(2) Using 2 workers of 2 for marking
[2019-09-02T15:59:47.580+0600][gc,marking   ] GC(2) Concurrent Mark From Roots 1.158ms
[2019-09-02T15:59:47.580+0600][gc,marking   ] GC(2) Concurrent Preclean
[2019-09-02T15:59:47.580+0600][gc,marking   ] GC(2) Concurrent Preclean 0.039ms
[2019-09-02T15:59:47.580+0600][gc,marking   ] GC(2) Concurrent Mark (2.166s, 2.167s) 1.242ms
[2019-09-02T15:59:47.580+0600][gc,start     ] GC(2) Pause Remark
[2019-09-02T15:59:47.581+0600][gc,stringtable] GC(2) Cleaned string table, strings: 4816 processed, 0 removed
[2019-09-02T15:59:47.581+0600][gc            ] GC(2) Pause Remark 137M->137M(1024M) 0.961ms
[2019-09-02T15:59:47.581+0600][gc,cpu        ] GC(2) User=0.01s Sys=0.00s Real=0.00s
[2019-09-02T15:59:47.581+0600][gc,marking    ] GC(2) Concurrent Rebuild Remembered Sets
[2019-09-02T15:59:47.583+0600][gc,marking    ] GC(2) Concurrent Rebuild Remembered Sets 2.195ms
[2019-09-02T15:59:47.584+0600][gc,start      ] GC(2) Pause Cleanup
[2019-09-02T15:59:47.584+0600][gc            ] GC(2) Pause Cleanup 138M->138M(1024M) 0.166ms
[2019-09-02T15:59:47.584+0600][gc,cpu        ] GC(2) User=0.00s Sys=0.00s Real=0.00s
[2019-09-02T15:59:47.584+0600][gc,marking    ] GC(2) Concurrent Cleanup for Next Mark
[2019-09-02T15:59:47.590+0600][gc,marking    ] GC(2) Concurrent Cleanup for Next Mark 5.663ms
[2019-09-02T15:59:47.590+0600][gc            ] GC(2) Concurrent Cycle 13.953ms
[2019-09-02T16:01:59.575+0600][gc,start      ] GC(3) Pause Young (Normal) (G1 Evacuation Pause)
[2019-09-02T16:01:59.575+0600][gc,task       ] GC(3) Using 8 workers of 8 for evacuation
[2019-09-02T16:01:59.580+0600][gc,phases     ] GC(3)   Pre Evacuate Collection Set: 0.0ms
[2019-09-02T16:01:59.580+0600][gc,phases     ] GC(3)   Evacuate Collection Set: 4.0ms
[2019-09-02T16:01:59.580+0600][gc,phases     ] GC(3)   Post Evacuate Collection Set: 0.3ms
[2019-09-02T16:01:59.580+0600][gc,phases     ] GC(3)   Other: 0.2ms
[2019-09-02T16:01:59.580+0600][gc,heap       ] GC(3) Eden regions: 49->0(46)
[2019-09-02T16:01:59.580+0600][gc,heap       ] GC(3) Survivor regions: 2->5(7)
[2019-09-02T16:01:59.580+0600][gc,heap       ] GC(3) Old regions: 6->6
[2019-09-02T16:01:59.580+0600][gc,heap       ] GC(3) Archive regions: 2->2
[2019-09-02T16:01:59.580+0600][gc,heap       ] GC(3) Humongous regions: 129->129
[2019-09-02T16:01:59.580+0600][gc,metaspace  ] GC(3) Metaspace: 30441K->30441K(1077248K)
[2019-09-02T16:01:59.580+0600][gc            ] GC(3) Pause Young (Normal) (G1 Evacuation Pause) 186M->140M(1024M) 4.691ms
[2019-09-02T16:01:59.580+0600][gc,cpu        ] GC(3) User=0.03s Sys=0.00s Real=0.01s
[2019-09-02T16:43:59.545+0600][gc,start      ] GC(4) Pause Young (Normal) (G1 Evacuation Pause)
[2019-09-02T16:43:59.546+0600][gc,task       ] GC(4) Using 8 workers of 8 for evacuation
[2019-09-02T16:43:59.553+0600][gc,phases     ] GC(4)   Pre Evacuate Collection Set: 0.1ms
[2019-09-02T16:43:59.553+0600][gc,phases     ] GC(4)   Evacuate Collection Set: 6.4ms
[2019-09-02T16:43:59.553+0600][gc,phases     ] GC(4)   Post Evacuate Collection Set: 0.3ms
[2019-09-02T16:43:59.553+0600][gc,phases     ] GC(4)   Other: 1.1ms
[2019-09-02T16:43:59.553+0600][gc,heap       ] GC(4) Eden regions: 46->0(50)
[2019-09-02T16:43:59.553+0600][gc,heap       ] GC(4) Survivor regions: 5->1(7)
[2019-09-02T16:43:59.553+0600][gc,heap       ] GC(4) Old regions: 6->11
[2019-09-02T16:43:59.553+0600][gc,heap       ] GC(4) Archive regions: 2->2
[2019-09-02T16:43:59.553+0600][gc,heap       ] GC(4) Humongous regions: 129->129
[2019-09-02T16:43:59.553+0600][gc,metaspace  ] GC(4) Metaspace: 32281K->32281K(1079296K)
[2019-09-02T16:43:59.553+0600][gc            ] GC(4) Pause Young (Normal) (G1 Evacuation Pause) 186M->141M(1024M) 8.157ms
[2019-09-02T16:43:59.553+0600][gc,cpu        ] GC(4) User=0.03s Sys=0.01s Real=0.01s
[2019-09-02T17:25:45.175+0600][gc,start      ] GC(5) Pause Young (Normal) (G1 Evacuation Pause)
[2019-09-02T17:25:45.176+0600][gc,task       ] GC(5) Using 8 workers of 8 for evacuation
[2019-09-02T17:25:45.178+0600][gc,phases     ] GC(5)   Pre Evacuate Collection Set: 0.0ms
[2019-09-02T17:25:45.178+0600][gc,phases     ] GC(5)   Evacuate Collection Set: 1.6ms
[2019-09-02T17:25:45.178+0600][gc,phases     ] GC(5)   Post Evacuate Collection Set: 0.3ms
[2019-09-02T17:25:45.178+0600][gc,phases     ] GC(5)   Other: 0.4ms
[2019-09-02T17:25:45.178+0600][gc,heap       ] GC(5) Eden regions: 50->0(49)
[2019-09-02T17:25:45.178+0600][gc,heap       ] GC(5) Survivor regions: 1->2(7)
[2019-09-02T17:25:45.178+0600][gc,heap       ] GC(5) Old regions: 11->11
[2019-09-02T17:25:45.178+0600][gc,heap       ] GC(5) Archive regions: 2->2
[2019-09-02T17:25:45.178+0600][gc,heap       ] GC(5) Humongous regions: 129->129
[2019-09-02T17:25:45.178+0600][gc,metaspace  ] GC(5) Metaspace: 33207K->33207K(1079296K)
[2019-09-02T17:25:45.178+0600][gc            ] GC(5) Pause Young (Normal) (G1 Evacuation Pause) 191M->141M(1024M) 2.483ms
[2019-09-02T17:25:45.178+0600][gc,cpu        ] GC(5) User=0.01s Sys=0.00s Real=0.00s
[2019-09-02T17:25:45.484+0600][gc,start      ] GC(6) Pause Young (Concurrent Start) (Metadata GC Threshold)
[2019-09-02T17:25:45.484+0600][gc,task       ] GC(6) Using 8 workers of 8 for evacuation
[2019-09-02T17:25:45.488+0600][gc,phases     ] GC(6)   Pre Evacuate Collection Set: 0.1ms
[2019-09-02T17:25:45.488+0600][gc,phases     ] GC(6)   Evacuate Collection Set: 3.3ms
[2019-09-02T17:25:45.488+0600][gc,phases     ] GC(6)   Post Evacuate Collection Set: 0.3ms
[2019-09-02T17:25:45.488+0600][gc,phases     ] GC(6)   Other: 0.2ms
[2019-09-02T17:25:45.488+0600][gc,heap       ] GC(6) Eden regions: 14->0(49)
[2019-09-02T17:25:45.488+0600][gc,heap       ] GC(6) Survivor regions: 2->2(7)
[2019-09-02T17:25:45.488+0600][gc,heap       ] GC(6) Old regions: 11->11
[2019-09-02T17:25:45.488+0600][gc,heap       ] GC(6) Archive regions: 2->2
[2019-09-02T17:25:45.488+0600][gc,heap       ] GC(6) Humongous regions: 129->129
[2019-09-02T17:25:45.488+0600][gc,metaspace  ] GC(6) Metaspace: 33859K->33859K(1079296K)
[2019-09-02T17:25:45.488+0600][gc            ] GC(6) Pause Young (Concurrent Start) (Metadata GC Threshold) 155M->142M(1024M) 3.962ms
[2019-09-02T17:25:45.488+0600][gc,cpu        ] GC(6) User=0.01s Sys=0.00s Real=0.00s
[2019-09-02T17:25:45.488+0600][gc            ] GC(7) Concurrent Cycle
[2019-09-02T17:25:45.488+0600][gc,marking    ] GC(7) Concurrent Clear Claimed Marks
[2019-09-02T17:25:45.488+0600][gc,marking    ] GC(7) Concurrent Clear Claimed Marks 0.043ms
[2019-09-02T17:25:45.488+0600][gc,marking    ] GC(7) Concurrent Scan Root Regions
[2019-09-02T17:25:45.489+0600][gc,marking    ] GC(7) Concurrent Scan Root Regions 1.493ms
[2019-09-02T17:25:45.489+0600][gc,marking    ] GC(7) Concurrent Mark (5160.299s)
[2019-09-02T17:25:45.489+0600][gc,marking    ] GC(7) Concurrent Mark From Roots
[2019-09-02T17:25:45.489+0600][gc,task       ] GC(7) Using 2 workers of 2 for marking
[2019-09-02T17:25:45.503+0600][gc,marking    ] GC(7) Concurrent Mark From Roots 13.091ms
[2019-09-02T17:25:45.503+0600][gc,marking    ] GC(7) Concurrent Preclean
[2019-09-02T17:25:45.503+0600][gc,marking    ] GC(7) Concurrent Preclean 0.163ms
[2019-09-02T17:25:45.503+0600][gc,marking    ] GC(7) Concurrent Mark (5160.299s, 5160.313s) 13.311ms
[2019-09-02T17:25:45.503+0600][gc,start      ] GC(7) Pause Remark
[2019-09-02T17:25:45.508+0600][gc,stringtable] GC(7) Cleaned string table, strings: 10491 processed, 282 removed
[2019-09-02T17:25:45.508+0600][gc            ] GC(7) Pause Remark 142M->142M(1024M) 5.169ms
[2019-09-02T17:25:45.508+0600][gc,cpu        ] GC(7) User=0.03s Sys=0.00s Real=0.00s
[2019-09-02T17:25:45.508+0600][gc,marking    ] GC(7) Concurrent Rebuild Remembered Sets
[2019-09-02T17:25:45.516+0600][gc,marking    ] GC(7) Concurrent Rebuild Remembered Sets 7.838ms
[2019-09-02T17:25:45.516+0600][gc,start      ] GC(7) Pause Cleanup
[2019-09-02T17:25:45.516+0600][gc            ] GC(7) Pause Cleanup 143M->143M(1024M) 0.139ms
[2019-09-02T17:25:45.516+0600][gc,cpu        ] GC(7) User=0.00s Sys=0.00s Real=0.00s
[2019-09-02T17:25:45.516+0600][gc,marking    ] GC(7) Concurrent Cleanup for Next Mark
[2019-09-02T17:25:45.523+0600][gc,marking    ] GC(7) Concurrent Cleanup for Next Mark 6.577ms
[2019-09-02T17:25:45.523+0600][gc            ] GC(7) Concurrent Cycle 35.265ms
[2019-09-02T19:07:15.108+0600][gc,start      ] GC(8) Pause Young (Normal) (G1 Evacuation Pause)
[2019-09-02T19:07:15.109+0600][gc,task       ] GC(8) Using 8 workers of 8 for evacuation
[2019-09-02T19:07:15.113+0600][gc,phases     ] GC(8)   Pre Evacuate Collection Set: 0.0ms
[2019-09-02T19:07:15.113+0600][gc,phases     ] GC(8)   Evacuate Collection Set: 3.5ms
[2019-09-02T19:07:15.113+0600][gc,phases     ] GC(8)   Post Evacuate Collection Set: 0.5ms
[2019-09-02T19:07:15.113+0600][gc,phases     ] GC(8)   Other: 1.1ms
[2019-09-02T19:07:15.113+0600][gc,heap       ] GC(8) Eden regions: 49->0(48)
[2019-09-02T19:07:15.113+0600][gc,heap       ] GC(8) Survivor regions: 2->3(7)
[2019-09-02T19:07:15.113+0600][gc,heap       ] GC(8) Old regions: 11->11
[2019-09-02T19:07:15.114+0600][gc,heap       ] GC(8) Archive regions: 2->2
[2019-09-02T19:07:15.114+0600][gc,heap       ] GC(8) Humongous regions: 129->129
[2019-09-02T19:07:15.114+0600][gc,metaspace  ] GC(8) Metaspace: 35351K->35351K(1081344K)
[2019-09-02T19:07:15.114+0600][gc            ] GC(8) Pause Young (Normal) (G1 Evacuation Pause) 191M->142M(1024M) 5.266ms
[2019-09-02T19:07:15.114+0600][gc,cpu        ] GC(8) User=0.03s Sys=0.00s Real=0.01s
[2019-09-02T22:17:41.566+0600][gc,start      ] GC(9) Pause Young (Normal) (G1 Evacuation Pause)
[2019-09-02T22:17:41.566+0600][gc,task       ] GC(9) Using 8 workers of 8 for evacuation
[2019-09-02T22:17:41.569+0600][gc,phases     ] GC(9)   Pre Evacuate Collection Set: 0.0ms
[2019-09-02T22:17:41.569+0600][gc,phases     ] GC(9)   Evacuate Collection Set: 3.0ms
[2019-09-02T22:17:41.569+0600][gc,phases     ] GC(9)   Post Evacuate Collection Set: 0.6ms
[2019-09-02T22:17:41.569+0600][gc,phases     ] GC(9)   Other: 0.2ms
[2019-09-02T22:17:41.569+0600][gc,heap       ] GC(9) Eden regions: 48->0(52)
[2019-09-02T22:17:41.569+0600][gc,heap       ] GC(9) Survivor regions: 3->3(7)
[2019-09-02T22:17:41.570+0600][gc,heap       ] GC(9) Old regions: 11->11
[2019-09-02T22:17:41.570+0600][gc,heap       ] GC(9) Archive regions: 2->2
[2019-09-02T22:17:41.570+0600][gc,heap       ] GC(9) Humongous regions: 129->129
[2019-09-02T22:17:41.570+0600][gc,metaspace  ] GC(9) Metaspace: 35412K->35412K(1081344K)
[2019-09-02T22:17:41.570+0600][gc            ] GC(9) Pause Young (Normal) (G1 Evacuation Pause) 190M->143M(1024M) 4.061ms
[2019-09-02T22:17:41.570+0600][gc,cpu        ] GC(9) User=0.02s Sys=0.00s Real=0.01s
[2019-09-02T22:42:25.312+0600][gc,start      ] GC(10) Pause Young (Normal) (G1 Evacuation Pause)
[2019-09-02T22:42:25.312+0600][gc,task       ] GC(10) Using 8 workers of 8 for evacuation
[2019-09-02T22:42:25.316+0600][gc,phases     ] GC(10)   Pre Evacuate Collection Set: 0.0ms
[2019-09-02T22:42:25.316+0600][gc,phases     ] GC(10)   Evacuate Collection Set: 3.6ms
[2019-09-02T22:42:25.316+0600][gc,phases     ] GC(10)   Post Evacuate Collection Set: 0.5ms
[2019-09-02T22:42:25.316+0600][gc,phases     ] GC(10)   Other: 0.3ms
[2019-09-02T22:42:25.316+0600][gc,heap       ] GC(10) Eden regions: 52->0(54)
[2019-09-02T22:42:25.316+0600][gc,heap       ] GC(10) Survivor regions: 3->3(7)
[2019-09-02T22:42:25.316+0600][gc,heap       ] GC(10) Old regions: 11->11
[2019-09-02T22:42:25.316+0600][gc,heap       ] GC(10) Archive regions: 2->2
[2019-09-02T22:42:25.316+0600][gc,heap       ] GC(10) Humongous regions: 129->129
[2019-09-02T22:42:25.316+0600][gc,metaspace  ] GC(10) Metaspace: 35450K->35450K(1081344K)
[2019-09-02T22:42:25.316+0600][gc            ] GC(10) Pause Young (Normal) (G1 Evacuation Pause) 195M->143M(1024M) 4.537ms
[2019-09-02T22:42:25.316+0600][gc,cpu        ] GC(10) User=0.02s Sys=0.00s Real=0.00s
[2019-09-03T07:43:32.739+0600][gc,start      ] GC(11) Pause Young (Normal) (G1 Evacuation Pause)
[2019-09-03T07:43:32.740+0600][gc,task       ] GC(11) Using 8 workers of 8 for evacuation
[2019-09-03T07:43:32.745+0600][gc,phases     ] GC(11)   Pre Evacuate Collection Set: 0.0ms
[2019-09-03T07:43:32.745+0600][gc,phases     ] GC(11)   Evacuate Collection Set: 4.3ms
[2019-09-03T07:43:32.745+0600][gc,phases     ] GC(11)   Post Evacuate Collection Set: 0.9ms
[2019-09-03T07:43:32.745+0600][gc,phases     ] GC(11)   Other: 1.2ms
[2019-09-03T07:43:32.745+0600][gc,heap       ] GC(11) Eden regions: 54->0(58)
[2019-09-03T07:43:32.745+0600][gc,heap       ] GC(11) Survivor regions: 3->3(8)
[2019-09-03T07:43:32.745+0600][gc,heap       ] GC(11) Old regions: 11->11
[2019-09-03T07:43:32.745+0600][gc,heap       ] GC(11) Archive regions: 2->2
[2019-09-03T07:43:32.745+0600][gc,heap       ] GC(11) Humongous regions: 129->129
[2019-09-03T07:43:32.745+0600][gc,metaspace  ] GC(11) Metaspace: 35460K->35460K(1081344K)
[2019-09-03T07:43:32.745+0600][gc            ] GC(11) Pause Young (Normal) (G1 Evacuation Pause) 197M->143M(1024M) 6.612ms
[2019-09-03T07:43:32.745+0600][gc,cpu        ] GC(11) User=0.03s Sys=0.00s Real=0.01s
[2019-09-03T08:37:27.502+0600][gc,start      ] GC(12) Pause Young (Normal) (G1 Evacuation Pause)
[2019-09-03T08:37:27.503+0600][gc,task       ] GC(12) Using 8 workers of 8 for evacuation
[2019-09-03T08:37:27.507+0600][gc,phases     ] GC(12)   Pre Evacuate Collection Set: 0.0ms
[2019-09-03T08:37:27.507+0600][gc,phases     ] GC(12)   Evacuate Collection Set: 3.0ms
[2019-09-03T08:37:27.507+0600][gc,phases     ] GC(12)   Post Evacuate Collection Set: 0.4ms
[2019-09-03T08:37:27.507+0600][gc,phases     ] GC(12)   Other: 0.9ms
[2019-09-03T08:37:27.507+0600][gc,heap       ] GC(12) Eden regions: 58->0(65)
[2019-09-03T08:37:27.507+0600][gc,heap       ] GC(12) Survivor regions: 3->3(8)
[2019-09-03T08:37:27.507+0600][gc,heap       ] GC(12) Old regions: 11->11
[2019-09-03T08:37:27.507+0600][gc,heap       ] GC(12) Archive regions: 2->2
[2019-09-03T08:37:27.507+0600][gc,heap       ] GC(12) Humongous regions: 129->129
[2019-09-03T08:37:27.507+0600][gc,metaspace  ] GC(12) Metaspace: 35493K->35493K(1081344K)
[2019-09-03T08:37:27.507+0600][gc            ] GC(12) Pause Young (Normal) (G1 Evacuation Pause) 201M->143M(1024M) 4.463ms
[2019-09-03T08:37:27.507+0600][gc,cpu        ] GC(12) User=0.02s Sys=0.00s Real=0.00s
[2019-09-03T09:00:49.163+0600][gc,start      ] GC(13) Pause Young (Normal) (G1 Evacuation Pause)
[2019-09-03T09:00:49.163+0600][gc,task       ] GC(13) Using 8 workers of 8 for evacuation
[2019-09-03T09:00:49.169+0600][gc,phases     ] GC(13)   Pre Evacuate Collection Set: 0.0ms
[2019-09-03T09:00:49.169+0600][gc,phases     ] GC(13)   Evacuate Collection Set: 4.3ms
[2019-09-03T09:00:49.169+0600][gc,phases     ] GC(13)   Post Evacuate Collection Set: 0.5ms
[2019-09-03T09:00:49.169+0600][gc,phases     ] GC(13)   Other: 1.2ms
[2019-09-03T09:00:49.169+0600][gc,heap       ] GC(13) Eden regions: 65->0(75)
[2019-09-03T09:00:49.169+0600][gc,heap       ] GC(13) Survivor regions: 3->3(9)
[2019-09-03T09:00:49.169+0600][gc,heap       ] GC(13) Old regions: 11->11
[2019-09-03T09:00:49.169+0600][gc,heap       ] GC(13) Archive regions: 2->2
[2019-09-03T09:00:49.169+0600][gc,heap       ] GC(13) Humongous regions: 129->129
[2019-09-03T09:00:49.169+0600][gc,metaspace  ] GC(13) Metaspace: 35747K->35747K(1081344K)
[2019-09-03T09:00:49.169+0600][gc            ] GC(13) Pause Young (Normal) (G1 Evacuation Pause) 208M->143M(1024M) 6.254ms
[2019-09-03T09:00:49.169+0600][gc,cpu        ] GC(13) User=0.03s Sys=0.01s Real=0.00s
[2019-09-03T09:51:31.621+0600][gc,start      ] GC(14) Pause Young (Normal) (G1 Evacuation Pause)
[2019-09-03T09:51:31.621+0600][gc,task       ] GC(14) Using 8 workers of 8 for evacuation
[2019-09-03T09:51:31.626+0600][gc,phases     ] GC(14)   Pre Evacuate Collection Set: 0.0ms
[2019-09-03T09:51:31.626+0600][gc,phases     ] GC(14)   Evacuate Collection Set: 4.2ms
[2019-09-03T09:51:31.626+0600][gc,phases     ] GC(14)   Post Evacuate Collection Set: 0.5ms
[2019-09-03T09:51:31.626+0600][gc,phases     ] GC(14)   Other: 0.4ms
[2019-09-03T09:51:31.626+0600][gc,heap       ] GC(14) Eden regions: 75->0(91)
[2019-09-03T09:51:31.626+0600][gc,heap       ] GC(14) Survivor regions: 3->3(10)
[2019-09-03T09:51:31.626+0600][gc,heap       ] GC(14) Old regions: 11->11
[2019-09-03T09:51:31.626+0600][gc,heap       ] GC(14) Archive regions: 2->2
[2019-09-03T09:51:31.626+0600][gc,heap       ] GC(14) Humongous regions: 129->129
[2019-09-03T09:51:31.626+0600][gc,metaspace  ] GC(14) Metaspace: 35771K->35771K(1081344K)
[2019-09-03T09:51:31.626+0600][gc            ] GC(14) Pause Young (Normal) (G1 Evacuation Pause) 218M->143M(1024M) 5.304ms
[2019-09-03T09:51:31.626+0600][gc,cpu        ] GC(14) User=0.03s Sys=0.01s Real=0.00s
[2019-09-03T11:09:23.339+0600][gc,start      ] GC(15) Pause Young (Normal) (G1 Evacuation Pause)
[2019-09-03T11:09:23.340+0600][gc,task       ] GC(15) Using 8 workers of 8 for evacuation
[2019-09-03T11:09:23.346+0600][gc,phases     ] GC(15)   Pre Evacuate Collection Set: 0.0ms
[2019-09-03T11:09:23.346+0600][gc,phases     ] GC(15)   Evacuate Collection Set: 4.5ms
[2019-09-03T11:09:23.346+0600][gc,phases     ] GC(15)   Post Evacuate Collection Set: 0.6ms
[2019-09-03T11:09:23.346+0600][gc,phases     ] GC(15)   Other: 1.3ms
[2019-09-03T11:09:23.346+0600][gc,heap       ] GC(15) Eden regions: 91->0(108)
[2019-09-03T11:09:23.346+0600][gc,heap       ] GC(15) Survivor regions: 3->3(12)
[2019-09-03T11:09:23.346+0600][gc,heap       ] GC(15) Old regions: 11->11
[2019-09-03T11:09:23.346+0600][gc,heap       ] GC(15) Archive regions: 2->2
[2019-09-03T11:09:23.346+0600][gc,heap       ] GC(15) Humongous regions: 129->129
[2019-09-03T11:09:23.346+0600][gc,metaspace  ] GC(15) Metaspace: 35790K->35790K(1081344K)
[2019-09-03T11:09:23.346+0600][gc            ] GC(15) Pause Young (Normal) (G1 Evacuation Pause) 234M->143M(1024M) 6.559ms
[2019-09-03T11:09:23.346+0600][gc,cpu        ] GC(15) User=0.03s Sys=0.01s Real=0.01s
[2019-09-03T11:52:38.238+0600][gc,start      ] GC(16) Pause Young (Normal) (G1 Evacuation Pause)
[2019-09-03T11:52:38.239+0600][gc,task       ] GC(16) Using 8 workers of 8 for evacuation
[2019-09-03T11:52:38.243+0600][gc,phases     ] GC(16)   Pre Evacuate Collection Set: 0.0ms
[2019-09-03T11:52:38.243+0600][gc,phases     ] GC(16)   Evacuate Collection Set: 3.5ms
[2019-09-03T11:52:38.243+0600][gc,phases     ] GC(16)   Post Evacuate Collection Set: 0.5ms
[2019-09-03T11:52:38.243+0600][gc,phases     ] GC(16)   Other: 1.3ms
[2019-09-03T11:52:38.243+0600][gc,heap       ] GC(16) Eden regions: 108->0(128)
[2019-09-03T11:52:38.243+0600][gc,heap       ] GC(16) Survivor regions: 3->3(14)
[2019-09-03T11:52:38.243+0600][gc,heap       ] GC(16) Old regions: 11->11
[2019-09-03T11:52:38.243+0600][gc,heap       ] GC(16) Archive regions: 2->2
[2019-09-03T11:52:38.243+0600][gc,heap       ] GC(16) Humongous regions: 129->129
[2019-09-03T11:52:38.243+0600][gc,metaspace  ] GC(16) Metaspace: 35799K->35799K(1081344K)
[2019-09-03T11:52:38.243+0600][gc            ] GC(16) Pause Young (Normal) (G1 Evacuation Pause) 251M->143M(1024M) 5.371ms
[2019-09-03T11:52:38.244+0600][gc,cpu        ] GC(16) User=0.02s Sys=0.01s Real=0.01s
[2019-09-03T13:05:14.122+0600][gc,start      ] GC(17) Pause Young (Normal) (G1 Evacuation Pause)
[2019-09-03T13:05:14.123+0600][gc,task       ] GC(17) Using 8 workers of 8 for evacuation
[2019-09-03T13:05:14.131+0600][gc,phases     ] GC(17)   Pre Evacuate Collection Set: 0.0ms
[2019-09-03T13:05:14.131+0600][gc,phases     ] GC(17)   Evacuate Collection Set: 7.6ms
[2019-09-03T13:05:14.131+0600][gc,phases     ] GC(17)   Post Evacuate Collection Set: 0.5ms
[2019-09-03T13:05:14.131+0600][gc,phases     ] GC(17)   Other: 1.2ms
[2019-09-03T13:05:14.131+0600][gc,heap       ] GC(17) Eden regions: 128->0(140)
[2019-09-03T13:05:14.131+0600][gc,heap       ] GC(17) Survivor regions: 3->3(17)
[2019-09-03T13:05:14.131+0600][gc,heap       ] GC(17) Old regions: 11->11
[2019-09-03T13:05:14.131+0600][gc,heap       ] GC(17) Archive regions: 2->2
[2019-09-03T13:05:14.131+0600][gc,heap       ] GC(17) Humongous regions: 129->129
[2019-09-03T13:05:14.131+0600][gc,metaspace  ] GC(17) Metaspace: 35843K->35843K(1081344K)
[2019-09-03T13:05:14.131+0600][gc            ] GC(17) Pause Young (Normal) (G1 Evacuation Pause) 271M->143M(1024M) 9.553ms
[2019-09-03T13:05:14.132+0600][gc,cpu        ] GC(17) User=0.03s Sys=0.02s Real=0.01s
