[2019-09-13T17:31:22.933+0600][gc,heap] Heap region size: 1M
[2019-09-13T17:31:22.942+0600][gc     ] Using G1
[2019-09-13T17:31:22.942+0600][gc,heap,coops] Heap address: 0x00000007c0000000, size: 1024 MB, Compressed Oops mode: Zero based, Oop shift amount: 3
[2019-09-13T17:31:22.942+0600][gc,cds       ] Mark closed archive regions in map: [0x00000007fff00000, 0x00000007fff6eff8]
[2019-09-13T17:31:22.942+0600][gc,cds       ] Mark open archive regions in map: [0x00000007ffe00000, 0x00000007ffe45ff8]
[2019-09-13T17:31:22.958+0600][gc           ] Periodic GC disabled
[2019-09-13T17:31:24.429+0600][gc,start     ] GC(0) Pause Young (Normal) (G1 Evacuation Pause)
[2019-09-13T17:31:24.430+0600][gc,task      ] GC(0) Using 8 workers of 8 for evacuation
[2019-09-13T17:31:24.439+0600][gc,phases    ] GC(0)   Pre Evacuate Collection Set: 0.0ms
[2019-09-13T17:31:24.439+0600][gc,phases    ] GC(0)   Evacuate Collection Set: 8.5ms
[2019-09-13T17:31:24.439+0600][gc,phases    ] GC(0)   Post Evacuate Collection Set: 0.3ms
[2019-09-13T17:31:24.439+0600][gc,phases    ] GC(0)   Other: 1.8ms
[2019-09-13T17:31:24.439+0600][gc,heap      ] GC(0) Eden regions: 51->0(45)
[2019-09-13T17:31:24.439+0600][gc,heap      ] GC(0) Survivor regions: 0->6(7)
[2019-09-13T17:31:24.439+0600][gc,heap      ] GC(0) Old regions: 0->0
[2019-09-13T17:31:24.439+0600][gc,heap      ] GC(0) Archive regions: 2->2
[2019-09-13T17:31:24.439+0600][gc,heap      ] GC(0) Humongous regions: 0->0
[2019-09-13T17:31:24.439+0600][gc,metaspace ] GC(0) Metaspace: 16933K->16933K(1064960K)
[2019-09-13T17:31:24.439+0600][gc           ] GC(0) Pause Young (Normal) (G1 Evacuation Pause) 51M->6M(1024M) 10.730ms
[2019-09-13T17:31:24.439+0600][gc,cpu       ] GC(0) User=0.03s Sys=0.01s Real=0.01s
[2019-09-13T17:31:24.659+0600][gc,heap,exit ] Heap
[2019-09-13T17:31:24.659+0600][gc,heap,exit ]  garbage-first heap   total 1048576K, used 15920K [0x00000007c0000000, 0x0000000800000000)
[2019-09-13T17:31:24.659+0600][gc,heap,exit ]   region size 1024K, 16 young (16384K), 6 survivors (6144K)
[2019-09-13T17:31:24.659+0600][gc,heap,exit ]  Metaspace       used 19225K, capacity 19761K, committed 20096K, reserved 1067008K
[2019-09-13T17:31:24.659+0600][gc,heap,exit ]   class space    used 2660K, capacity 2874K, committed 2944K, reserved 1048576K
