[2019-08-29T14:12:26.822+0600][gc,heap] Heap region size: 1M
[2019-08-29T14:12:26.831+0600][gc     ] Using G1
[2019-08-29T14:12:26.831+0600][gc,heap,coops] Heap address: 0x00000007c0000000, size: 1024 MB, Compressed Oops mode: Zero based, Oop shift amount: 3
[2019-08-29T14:12:26.832+0600][gc,cds       ] Mark closed archive regions in map: [0x00000007fff00000, 0x00000007fff6eff8]
[2019-08-29T14:12:26.832+0600][gc,cds       ] Mark open archive regions in map: [0x00000007ffe00000, 0x00000007ffe45ff8]
[2019-08-29T14:12:26.848+0600][gc           ] Periodic GC disabled
[2019-08-29T14:12:28.355+0600][gc,start     ] GC(0) Pause Young (Normal) (G1 Evacuation Pause)
[2019-08-29T14:12:28.356+0600][gc,task      ] GC(0) Using 8 workers of 8 for evacuation
[2019-08-29T14:12:28.365+0600][gc,phases    ] GC(0)   Pre Evacuate Collection Set: 0.0ms
[2019-08-29T14:12:28.365+0600][gc,phases    ] GC(0)   Evacuate Collection Set: 8.5ms
[2019-08-29T14:12:28.365+0600][gc,phases    ] GC(0)   Post Evacuate Collection Set: 0.3ms
[2019-08-29T14:12:28.365+0600][gc,phases    ] GC(0)   Other: 1.3ms
[2019-08-29T14:12:28.365+0600][gc,heap      ] GC(0) Eden regions: 51->0(44)
[2019-08-29T14:12:28.365+0600][gc,heap      ] GC(0) Survivor regions: 0->7(7)
[2019-08-29T14:12:28.365+0600][gc,heap      ] GC(0) Old regions: 0->0
[2019-08-29T14:12:28.365+0600][gc,heap      ] GC(0) Archive regions: 2->2
[2019-08-29T14:12:28.365+0600][gc,heap      ] GC(0) Humongous regions: 0->0
[2019-08-29T14:12:28.365+0600][gc,metaspace ] GC(0) Metaspace: 16917K->16917K(1064960K)
[2019-08-29T14:12:28.365+0600][gc           ] GC(0) Pause Young (Normal) (G1 Evacuation Pause) 51M->6M(1024M) 10.243ms
[2019-08-29T14:12:28.365+0600][gc,cpu       ] GC(0) User=0.04s Sys=0.01s Real=0.01s
[2019-08-29T14:12:28.739+0600][gc,start     ] GC(1) Pause Young (Concurrent Start) (Metadata GC Threshold)
[2019-08-29T14:12:28.739+0600][gc,task      ] GC(1) Using 8 workers of 8 for evacuation
[2019-08-29T14:12:28.747+0600][gc,phases    ] GC(1)   Pre Evacuate Collection Set: 0.0ms
[2019-08-29T14:12:28.747+0600][gc,phases    ] GC(1)   Evacuate Collection Set: 6.9ms
[2019-08-29T14:12:28.747+0600][gc,phases    ] GC(1)   Post Evacuate Collection Set: 0.3ms
[2019-08-29T14:12:28.747+0600][gc,phases    ] GC(1)   Other: 0.3ms
[2019-08-29T14:12:28.747+0600][gc,heap      ] GC(1) Eden regions: 16->0(49)
[2019-08-29T14:12:28.747+0600][gc,heap      ] GC(1) Survivor regions: 7->2(7)
[2019-08-29T14:12:28.747+0600][gc,heap      ] GC(1) Old regions: 0->6
[2019-08-29T14:12:28.747+0600][gc,heap      ] GC(1) Archive regions: 2->2
[2019-08-29T14:12:28.747+0600][gc,heap      ] GC(1) Humongous regions: 129->129
[2019-08-29T14:12:28.747+0600][gc,metaspace ] GC(1) Metaspace: 20514K->20514K(1067008K)
[2019-08-29T14:12:28.747+0600][gc           ] GC(1) Pause Young (Concurrent Start) (Metadata GC Threshold) 151M->137M(1024M) 7.740ms
[2019-08-29T14:12:28.747+0600][gc,cpu       ] GC(1) User=0.03s Sys=0.00s Real=0.01s
[2019-08-29T14:12:28.747+0600][gc           ] GC(2) Concurrent Cycle
[2019-08-29T14:12:28.747+0600][gc,marking   ] GC(2) Concurrent Clear Claimed Marks
[2019-08-29T14:12:28.747+0600][gc,marking   ] GC(2) Concurrent Clear Claimed Marks 0.021ms
[2019-08-29T14:12:28.747+0600][gc,marking   ] GC(2) Concurrent Scan Root Regions
[2019-08-29T14:12:28.749+0600][gc,marking   ] GC(2) Concurrent Scan Root Regions 2.467ms
[2019-08-29T14:12:28.750+0600][gc,marking   ] GC(2) Concurrent Mark (1.935s)
[2019-08-29T14:12:28.750+0600][gc,marking   ] GC(2) Concurrent Mark From Roots
[2019-08-29T14:12:28.750+0600][gc,task      ] GC(2) Using 2 workers of 2 for marking
[2019-08-29T14:12:28.751+0600][gc,marking   ] GC(2) Concurrent Mark From Roots 1.127ms
[2019-08-29T14:12:28.751+0600][gc,marking   ] GC(2) Concurrent Preclean
[2019-08-29T14:12:28.751+0600][gc,marking   ] GC(2) Concurrent Preclean 0.033ms
[2019-08-29T14:12:28.751+0600][gc,marking   ] GC(2) Concurrent Mark (1.935s, 1.937s) 1.214ms
[2019-08-29T14:12:28.751+0600][gc,start     ] GC(2) Pause Remark
[2019-08-29T14:12:28.752+0600][gc,stringtable] GC(2) Cleaned string table, strings: 4819 processed, 0 removed
[2019-08-29T14:12:28.752+0600][gc            ] GC(2) Pause Remark 137M->137M(1024M) 0.995ms
[2019-08-29T14:12:28.752+0600][gc,cpu        ] GC(2) User=0.00s Sys=0.00s Real=0.00s
[2019-08-29T14:12:28.752+0600][gc,marking    ] GC(2) Concurrent Rebuild Remembered Sets
[2019-08-29T14:12:28.754+0600][gc,marking    ] GC(2) Concurrent Rebuild Remembered Sets 2.139ms
[2019-08-29T14:12:28.755+0600][gc,start      ] GC(2) Pause Cleanup
[2019-08-29T14:12:28.755+0600][gc            ] GC(2) Pause Cleanup 138M->138M(1024M) 0.181ms
[2019-08-29T14:12:28.755+0600][gc,cpu        ] GC(2) User=0.00s Sys=0.00s Real=0.00s
[2019-08-29T14:12:28.755+0600][gc,marking    ] GC(2) Concurrent Cleanup for Next Mark
[2019-08-29T14:12:28.761+0600][gc,marking    ] GC(2) Concurrent Cleanup for Next Mark 6.256ms
[2019-08-29T14:12:28.761+0600][gc            ] GC(2) Concurrent Cycle 14.265ms
[2019-08-29T14:12:55.648+0600][gc,start      ] GC(3) Pause Young (Normal) (G1 Evacuation Pause)
[2019-08-29T14:12:55.648+0600][gc,task       ] GC(3) Using 8 workers of 8 for evacuation
[2019-08-29T14:12:55.653+0600][gc,phases     ] GC(3)   Pre Evacuate Collection Set: 0.0ms
[2019-08-29T14:12:55.653+0600][gc,phases     ] GC(3)   Evacuate Collection Set: 4.1ms
[2019-08-29T14:12:55.653+0600][gc,phases     ] GC(3)   Post Evacuate Collection Set: 0.4ms
[2019-08-29T14:12:55.653+0600][gc,phases     ] GC(3)   Other: 0.2ms
[2019-08-29T14:12:55.653+0600][gc,heap       ] GC(3) Eden regions: 49->0(46)
[2019-08-29T14:12:55.653+0600][gc,heap       ] GC(3) Survivor regions: 2->5(7)
[2019-08-29T14:12:55.653+0600][gc,heap       ] GC(3) Old regions: 6->6
[2019-08-29T14:12:55.653+0600][gc,heap       ] GC(3) Archive regions: 2->2
[2019-08-29T14:12:55.653+0600][gc,heap       ] GC(3) Humongous regions: 129->129
[2019-08-29T14:12:55.653+0600][gc,metaspace  ] GC(3) Metaspace: 30466K->30466K(1077248K)
[2019-08-29T14:12:55.653+0600][gc            ] GC(3) Pause Young (Normal) (G1 Evacuation Pause) 186M->140M(1024M) 4.837ms
[2019-08-29T14:12:55.653+0600][gc,cpu        ] GC(3) User=0.02s Sys=0.01s Real=0.01s
[2019-08-29T14:14:16.677+0600][gc,start      ] GC(4) Pause Young (Concurrent Start) (Metadata GC Threshold)
[2019-08-29T14:14:16.677+0600][gc,task       ] GC(4) Using 8 workers of 8 for evacuation
[2019-08-29T14:14:16.685+0600][gc,phases     ] GC(4)   Pre Evacuate Collection Set: 0.2ms
[2019-08-29T14:14:16.686+0600][gc,phases     ] GC(4)   Evacuate Collection Set: 7.7ms
[2019-08-29T14:14:16.686+0600][gc,phases     ] GC(4)   Post Evacuate Collection Set: 0.4ms
[2019-08-29T14:14:16.686+0600][gc,phases     ] GC(4)   Other: 0.4ms
[2019-08-29T14:14:16.686+0600][gc,heap       ] GC(4) Eden regions: 34->0(48)
[2019-08-29T14:14:16.686+0600][gc,heap       ] GC(4) Survivor regions: 5->3(7)
[2019-08-29T14:14:16.686+0600][gc,heap       ] GC(4) Old regions: 6->11
[2019-08-29T14:14:16.686+0600][gc,heap       ] GC(4) Archive regions: 2->2
[2019-08-29T14:14:16.686+0600][gc,heap       ] GC(4) Humongous regions: 129->129
[2019-08-29T14:14:16.686+0600][gc,metaspace  ] GC(4) Metaspace: 33807K->33807K(1079296K)
[2019-08-29T14:14:16.686+0600][gc            ] GC(4) Pause Young (Concurrent Start) (Metadata GC Threshold) 173M->142M(1024M) 8.811ms
[2019-08-29T14:14:16.686+0600][gc,cpu        ] GC(4) User=0.05s Sys=0.00s Real=0.01s
[2019-08-29T14:14:16.686+0600][gc            ] GC(5) Concurrent Cycle
[2019-08-29T14:14:16.686+0600][gc,marking    ] GC(5) Concurrent Clear Claimed Marks
[2019-08-29T14:14:16.686+0600][gc,marking    ] GC(5) Concurrent Clear Claimed Marks 0.096ms
[2019-08-29T14:14:16.686+0600][gc,marking    ] GC(5) Concurrent Scan Root Regions
[2019-08-29T14:14:16.689+0600][gc,marking    ] GC(5) Concurrent Scan Root Regions 3.207ms
[2019-08-29T14:14:16.689+0600][gc,marking    ] GC(5) Concurrent Mark (109.878s)
[2019-08-29T14:14:16.689+0600][gc,marking    ] GC(5) Concurrent Mark From Roots
[2019-08-29T14:14:16.689+0600][gc,task       ] GC(5) Using 2 workers of 2 for marking
[2019-08-29T14:14:16.694+0600][gc,marking    ] GC(5) Concurrent Mark From Roots 4.858ms
[2019-08-29T14:14:16.694+0600][gc,marking    ] GC(5) Concurrent Preclean
[2019-08-29T14:14:16.694+0600][gc,marking    ] GC(5) Concurrent Preclean 0.087ms
[2019-08-29T14:14:16.694+0600][gc,marking    ] GC(5) Concurrent Mark (109.878s, 109.883s) 5.013ms
[2019-08-29T14:14:16.694+0600][gc,start      ] GC(5) Pause Remark
[2019-08-29T14:14:16.696+0600][gc,stringtable] GC(5) Cleaned string table, strings: 10366 processed, 9 removed
[2019-08-29T14:14:16.696+0600][gc            ] GC(5) Pause Remark 142M->142M(1024M) 1.697ms
[2019-08-29T14:14:16.696+0600][gc,cpu        ] GC(5) User=0.01s Sys=0.00s Real=0.00s
[2019-08-29T14:14:16.696+0600][gc,marking    ] GC(5) Concurrent Rebuild Remembered Sets
[2019-08-29T14:14:16.702+0600][gc,marking    ] GC(5) Concurrent Rebuild Remembered Sets 5.520ms
[2019-08-29T14:14:16.702+0600][gc,start      ] GC(5) Pause Cleanup
[2019-08-29T14:14:16.702+0600][gc            ] GC(5) Pause Cleanup 143M->143M(1024M) 0.170ms
[2019-08-29T14:14:16.702+0600][gc,cpu        ] GC(5) User=0.00s Sys=0.00s Real=0.00s
[2019-08-29T14:14:16.702+0600][gc,marking    ] GC(5) Concurrent Cleanup for Next Mark
[2019-08-29T14:14:16.708+0600][gc,marking    ] GC(5) Concurrent Cleanup for Next Mark 6.062ms
[2019-08-29T14:14:16.708+0600][gc            ] GC(5) Concurrent Cycle 22.460ms
[2019-08-29T14:21:21.742+0600][gc,heap,exit  ] Heap
[2019-08-29T14:21:21.742+0600][gc,heap,exit  ]  garbage-first heap   total 1048576K, used 178520K [0x00000007c0000000, 0x0000000800000000)
[2019-08-29T14:21:21.742+0600][gc,heap,exit  ]   region size 1024K, 37 young (37888K), 3 survivors (3072K)
[2019-08-29T14:21:21.742+0600][gc,heap,exit  ]  Metaspace       used 35702K, capacity 38134K, committed 38448K, reserved 1081344K
[2019-08-29T14:21:21.742+0600][gc,heap,exit  ]   class space    used 5274K, capacity 6446K, committed 6528K, reserved 1048576K
