[2019-09-02T15:58:08.203+0600][gc,heap] Heap region size: 1M
[2019-09-02T15:58:08.208+0600][gc     ] Using G1
[2019-09-02T15:58:08.208+0600][gc,heap,coops] Heap address: 0x00000007e0000000, size: 512 MB, Compressed Oops mode: Zero based, Oop shift amount: 3
[2019-09-02T15:58:08.208+0600][gc,cds       ] Mark closed archive regions in map: [0x00000007fff00000, 0x00000007fff6eff8]
[2019-09-02T15:58:08.209+0600][gc,cds       ] Mark open archive regions in map: [0x00000007ffe00000, 0x00000007ffe45ff8]
[2019-09-02T15:58:08.226+0600][gc           ] Periodic GC disabled
[2019-09-02T17:09:15.307+0600][gc,start     ] GC(0) Pause Young (Normal) (G1 Evacuation Pause)
[2019-09-02T17:09:15.309+0600][gc,task      ] GC(0) Using 8 workers of 8 for evacuation
[2019-09-02T17:09:15.320+0600][gc,phases    ] GC(0)   Pre Evacuate Collection Set: 0.1ms
[2019-09-02T17:09:15.320+0600][gc,phases    ] GC(0)   Evacuate Collection Set: 11.0ms
[2019-09-02T17:09:15.320+0600][gc,phases    ] GC(0)   Post Evacuate Collection Set: 0.3ms
[2019-09-02T17:09:15.320+0600][gc,phases    ] GC(0)   Other: 1.8ms
[2019-09-02T17:09:15.320+0600][gc,heap      ] GC(0) Eden regions: 25->0(21)
[2019-09-02T17:09:15.320+0600][gc,heap      ] GC(0) Survivor regions: 0->4(4)
[2019-09-02T17:09:15.320+0600][gc,heap      ] GC(0) Old regions: 0->1
[2019-09-02T17:09:15.320+0600][gc,heap      ] GC(0) Archive regions: 2->2
[2019-09-02T17:09:15.320+0600][gc,heap      ] GC(0) Humongous regions: 0->0
[2019-09-02T17:09:15.321+0600][gc,metaspace ] GC(0) Metaspace: 7421K->7421K(1056768K)
[2019-09-02T17:09:15.321+0600][gc           ] GC(0) Pause Young (Normal) (G1 Evacuation Pause) 25M->5M(512M) 13.344ms
[2019-09-02T17:09:15.321+0600][gc,cpu       ] GC(0) User=0.05s Sys=0.02s Real=0.02s
[2019-09-03T08:40:24.152+0600][gc,heap,exit ] Heap
[2019-09-03T08:40:24.152+0600][gc,heap,exit ]  garbage-first heap   total 524288K, used 18820K [0x00000007e0000000, 0x0000000800000000)
[2019-09-03T08:40:24.152+0600][gc,heap,exit ]   region size 1024K, 18 young (18432K), 4 survivors (4096K)
[2019-09-03T08:40:24.152+0600][gc,heap,exit ]  Metaspace       used 7486K, capacity 7774K, committed 7936K, reserved 1056768K
[2019-09-03T08:40:24.152+0600][gc,heap,exit ]   class space    used 811K, capacity 933K, committed 1024K, reserved 1048576K
