[2019-09-08T13:50:36.982+0600][gc,heap] Heap region size: 1M
[2019-09-08T13:50:36.987+0600][gc     ] Using G1
[2019-09-08T13:50:36.987+0600][gc,heap,coops] Heap address: 0x00000007e0000000, size: 512 MB, Compressed Oops mode: Zero based, Oop shift amount: 3
[2019-09-08T13:50:36.987+0600][gc,cds       ] Mark closed archive regions in map: [0x00000007fff00000, 0x00000007fff6eff8]
[2019-09-08T13:50:36.988+0600][gc,cds       ] Mark open archive regions in map: [0x00000007ffe00000, 0x00000007ffe45ff8]
[2019-09-08T13:50:37.003+0600][gc           ] Periodic GC disabled
[2019-09-08T15:11:53.996+0600][gc,start     ] GC(0) Pause Young (Normal) (G1 Evacuation Pause)
[2019-09-08T15:11:53.998+0600][gc,task      ] GC(0) Using 8 workers of 8 for evacuation
[2019-09-08T15:11:54.010+0600][gc,phases    ] GC(0)   Pre Evacuate Collection Set: 0.0ms
[2019-09-08T15:11:54.010+0600][gc,phases    ] GC(0)   Evacuate Collection Set: 11.8ms
[2019-09-08T15:11:54.010+0600][gc,phases    ] GC(0)   Post Evacuate Collection Set: 0.6ms
[2019-09-08T15:11:54.010+0600][gc,phases    ] GC(0)   Other: 1.7ms
[2019-09-08T15:11:54.011+0600][gc,heap      ] GC(0) Eden regions: 25->0(21)
[2019-09-08T15:11:54.011+0600][gc,heap      ] GC(0) Survivor regions: 0->4(4)
[2019-09-08T15:11:54.011+0600][gc,heap      ] GC(0) Old regions: 0->1
[2019-09-08T15:11:54.011+0600][gc,heap      ] GC(0) Archive regions: 2->2
[2019-09-08T15:11:54.011+0600][gc,heap      ] GC(0) Humongous regions: 0->0
[2019-09-08T15:11:54.011+0600][gc,metaspace ] GC(0) Metaspace: 7405K->7405K(1056768K)
[2019-09-08T15:11:54.011+0600][gc           ] GC(0) Pause Young (Normal) (G1 Evacuation Pause) 25M->5M(512M) 14.406ms
[2019-09-08T15:11:54.011+0600][gc,cpu       ] GC(0) User=0.05s Sys=0.01s Real=0.02s
[2019-09-08T20:16:42.182+0600][gc,start     ] GC(1) Pause Young (Normal) (G1 Evacuation Pause)
[2019-09-08T20:16:42.183+0600][gc,task      ] GC(1) Using 8 workers of 8 for evacuation
[2019-09-08T20:16:42.189+0600][gc,phases    ] GC(1)   Pre Evacuate Collection Set: 0.0ms
[2019-09-08T20:16:42.189+0600][gc,phases    ] GC(1)   Evacuate Collection Set: 5.5ms
[2019-09-08T20:16:42.189+0600][gc,phases    ] GC(1)   Post Evacuate Collection Set: 0.2ms
[2019-09-08T20:16:42.189+0600][gc,phases    ] GC(1)   Other: 0.9ms
[2019-09-08T20:16:42.189+0600][gc,heap      ] GC(1) Eden regions: 21->0(24)
[2019-09-08T20:16:42.189+0600][gc,heap      ] GC(1) Survivor regions: 4->1(4)
[2019-09-08T20:16:42.189+0600][gc,heap      ] GC(1) Old regions: 1->5
[2019-09-08T20:16:42.189+0600][gc,heap      ] GC(1) Archive regions: 2->2
[2019-09-08T20:16:42.189+0600][gc,heap      ] GC(1) Humongous regions: 0->0
[2019-09-08T20:16:42.189+0600][gc,metaspace ] GC(1) Metaspace: 7473K->7473K(1056768K)
[2019-09-08T20:16:42.189+0600][gc           ] GC(1) Pause Young (Normal) (G1 Evacuation Pause) 26M->5M(512M) 6.714ms
[2019-09-08T20:16:42.189+0600][gc,cpu       ] GC(1) User=0.03s Sys=0.01s Real=0.00s
[2019-09-08T21:03:45.319+0600][gc,heap,exit ] Heap
[2019-09-08T21:03:45.319+0600][gc,heap,exit ]  garbage-first heap   total 524288K, used 9953K [0x00000007e0000000, 0x0000000800000000)
[2019-09-08T21:03:45.319+0600][gc,heap,exit ]   region size 1024K, 6 young (6144K), 1 survivors (1024K)
[2019-09-08T21:03:45.319+0600][gc,heap,exit ]  Metaspace       used 7483K, capacity 7774K, committed 7936K, reserved 1056768K
[2019-09-08T21:03:45.319+0600][gc,heap,exit ]   class space    used 811K, capacity 933K, committed 1024K, reserved 1048576K
