[2019-08-29T12:37:07.180+0600][gc,heap] Heap region size: 1M
[2019-08-29T12:37:07.185+0600][gc     ] Using G1
[2019-08-29T12:37:07.185+0600][gc,heap,coops] Heap address: 0x00000007e0000000, size: 512 MB, Compressed Oops mode: Zero based, Oop shift amount: 3
[2019-08-29T12:37:07.186+0600][gc,cds       ] Mark closed archive regions in map: [0x00000007fff00000, 0x00000007fff6eff8]
[2019-08-29T12:37:07.187+0600][gc,cds       ] Mark open archive regions in map: [0x00000007ffe00000, 0x00000007ffe45ff8]
[2019-08-29T12:37:07.202+0600][gc           ] Periodic GC disabled
[2019-08-29T14:12:00.730+0600][gc,heap,exit ] Heap
[2019-08-29T14:12:00.730+0600][gc,heap,exit ]  garbage-first heap   total 524288K, used 19156K [0x00000007e0000000, 0x0000000800000000)
[2019-08-29T14:12:00.730+0600][gc,heap,exit ]   region size 1024K, 19 young (19456K), 0 survivors (0K)
[2019-08-29T14:12:00.730+0600][gc,heap,exit ]  Metaspace       used 6515K, capacity 6782K, committed 7040K, reserved 1056768K
[2019-08-29T14:12:00.730+0600][gc,heap,exit ]   class space    used 748K, capacity 837K, committed 896K, reserved 1048576K
